// Code generated by "go-enumer (github.com/mvrahden/go-enumer)"; DO NOT EDIT.

package greeting

import (
	"fmt"
)

const (
	_GreetingString      = "WorldMars"
	_GreetingLowerString = "worldmars"
)

var (
	_GreetingValueRange = [2]Greeting{0, 1}
	_GreetingValues     = []Greeting{0, 1}
	_GreetingStrings    = []string{_GreetingString[0:5], _GreetingString[5:9]}
)

// GreetingValues returns all values of the enum.
func GreetingValues() []Greeting {
	strs := make([]Greeting, len(_GreetingValues))
	copy(strs, _GreetingValues)
	return _GreetingValues
}

// GreetingStrings returns a slice of all String values of the enum.
func GreetingStrings() []string {
	strs := make([]string, len(_GreetingStrings))
	copy(strs, _GreetingStrings)
	return strs
}

// IsValid inspects whether the value is valid enum value.
func (_g Greeting) IsValid() bool {
	return _g >= _GreetingValueRange[0] && _g <= _GreetingValueRange[1]
}

// String returns the string of the enum value.
// If the enum value is invalid, it will produce a string
// of the following pattern Greeting(%d) instead.
func (_g Greeting) String() string {
	if !_g.IsValid() {
		return fmt.Sprintf("Greeting(%d)", _g)
	}
	idx := int(_g)
	return _GreetingStrings[idx]
}

var (
	_GreetingStringToValueMap = map[string]Greeting{
		_GreetingString[0:5]: GreetingWorld,
		_GreetingString[5:9]: GreetingMars,
	}
	_GreetingLowerStringToValueMap = map[string]Greeting{
		_GreetingLowerString[0:5]: GreetingWorld,
		_GreetingLowerString[5:9]: GreetingMars,
	}
)

// GreetingFromString determines the enum value with an exact case match.
func GreetingFromString(raw string) (Greeting, bool) {
	v, ok := _GreetingStringToValueMap[raw]
	if !ok {
		return Greeting(0), false
	}
	return v, true
}

// GreetingFromStringIgnoreCase determines the enum value with a case-insensitive match.
func GreetingFromStringIgnoreCase(raw string) (Greeting, bool) {
	v, ok := GreetingFromString(raw)
	if ok {
		return v, ok
	}
	v, ok = _GreetingLowerStringToValueMap[raw]
	if !ok {
		return Greeting(0), false
	}
	return v, true
}
